[    0.000000] Linux version 4.15.0-62-generic (buildd@lcy01-amd64-024) (gcc version 7.4.0 (Ubuntu 7.4.0-1ubuntu1~18.04.1)) #69-Ubuntu SMP Wed Sep 4 20:55:53 UTC 2019 (Ubuntu 4.15.0-62.69-generic 4.15.18)
[    0.000000] Command line: BOOT_IMAGE=/boot/vmlinuz-4.15.0-62-generic root=LABEL=cloudimg-rootfs ro console=tty1 console=ttyS0
[    0.000000] KERNEL supported cpus:
[    0.000000]   Intel GenuineIntel
[    0.000000]   AMD AuthenticAMD
[    0.000000]   Centaur CentaurHauls
[    0.000000] x86/fpu: Supporting XSAVE feature 0x001: 'x87 floating point registers'
[    0.000000] x86/fpu: Supporting XSAVE feature 0x002: 'SSE registers'
[    0.000000] x86/fpu: Supporting XSAVE feature 0x004: 'AVX registers'
[    0.000000] x86/fpu: xstate_offset[2]:  576, xstate_sizes[2]:  256
[    0.000000] x86/fpu: Enabled xstate features 0x7, context size is 832 bytes, using 'standard' format.
[    0.000000] e820: BIOS-provided physical RAM map:
[    0.000000] BIOS-e820: [mem 0x0000000000000000-0x000000000009fbff] usable
[    0.000000] BIOS-e820: [mem 0x000000000009fc00-0x000000000009ffff] reserved
[    0.000000] BIOS-e820: [mem 0x00000000000f0000-0x00000000000fffff] reserved
[    0.000000] BIOS-e820: [mem 0x0000000000100000-0x000000001ffeffff] usable
[    0.000000] BIOS-e820: [mem 0x000000001fff0000-0x000000001fffffff] ACPI data
[    0.000000] BIOS-e820: [mem 0x00000000fec00000-0x00000000fec00fff] reserved
[    0.000000] BIOS-e820: [mem 0x00000000fee00000-0x00000000fee00fff] reserved
[    0.000000] BIOS-e820: [mem 0x00000000fffc0000-0x00000000ffffffff] reserved
[    0.000000] NX (Execute Disable) protection: active
[    0.000000] SMBIOS 2.5 present.
[    0.000000] DMI: innotek GmbH VirtualBox/VirtualBox, BIOS VirtualBox 12/01/2006
[    0.000000] Hypervisor detected: KVM
[    0.000000] e820: last_pfn = 0x1fff0 max_arch_pfn = 0x400000000
[    0.000000] MTRR: Disabled
[    0.000000] x86/PAT: MTRRs disabled, skipping PAT initialization too.
[    0.000000] CPU MTRRs all blank - virtualized system.
[    0.000000] x86/PAT: Configuration [0-7]: WB  WT  UC- UC  WB  WT  UC- UC  
[    0.000000] found SMP MP-table at [mem 0x0009fff0-0x0009ffff]
[    0.000000] Scanning 1 areas for low memory corruption
[    0.000000] RAMDISK: [mem 0x1dc1e000-0x1eecffff]
[    0.000000] ACPI: Early table checksum verification disabled
[    0.000000] ACPI: RSDP 0x00000000000E0000 000024 (v02 VBOX  )
[    0.000000] ACPI: XSDT 0x000000001FFF0030 00003C (v01 VBOX   VBOXXSDT 00000001 ASL  00000061)
[    0.000000] ACPI: FACP 0x000000001FFF00F0 0000F4 (v04 VBOX   VBOXFACP 00000001 ASL  00000061)
[    0.000000] ACPI: DSDT 0x000000001FFF0470 0022EA (v02 VBOX   VBOXBIOS 00000002 INTL 20100528)
[    0.000000] ACPI: FACS 0x000000001FFF0200 000040
[    0.000000] ACPI: FACS 0x000000001FFF0200 000040
[    0.000000] ACPI: APIC 0x000000001FFF0240 000054 (v02 VBOX   VBOXAPIC 00000001 ASL  00000061)
[    0.000000] ACPI: SSDT 0x000000001FFF02A0 0001CC (v01 VBOX   VBOXCPUT 00000002 INTL 20100528)
[    0.000000] No NUMA configuration found
[    0.000000] Faking a node at [mem 0x0000000000000000-0x000000001ffeffff]
[    0.000000] NODE_DATA(0) allocated [mem 0x1ffc5000-0x1ffeffff]
[    0.000000] kvm-clock: cpu 0, msr 0:1ff44001, primary cpu clock
[    0.000000] kvm-clock: Using msrs 4b564d01 and 4b564d00
[    0.000000] kvm-clock: using sched offset of 4283910189 cycles
[    0.000000] clocksource: kvm-clock: mask: 0xffffffffffffffff max_cycles: 0x1cd42e4dffb, max_idle_ns: 881590591483 ns
[    0.000000] Zone ranges:
[    0.000000]   DMA      [mem 0x0000000000001000-0x0000000000ffffff]
[    0.000000]   DMA32    [mem 0x0000000001000000-0x000000001ffeffff]
[    0.000000]   Normal   empty
[    0.000000]   Device   empty
[    0.000000] Movable zone start for each node
[    0.000000] Early memory node ranges
[    0.000000]   node   0: [mem 0x0000000000001000-0x000000000009efff]
[    0.000000]   node   0: [mem 0x0000000000100000-0x000000001ffeffff]
[    0.000000] Reserved but unavailable: 98 pages
[    0.000000] Initmem setup node 0 [mem 0x0000000000001000-0x000000001ffeffff]
[    0.000000] ACPI: PM-Timer IO Port: 0x4008
[    0.000000] IOAPIC[0]: apic_id 1, version 32, address 0xfec00000, GSI 0-23
[    0.000000] ACPI: INT_SRC_OVR (bus 0 bus_irq 0 global_irq 2 dfl dfl)
[    0.000000] ACPI: INT_SRC_OVR (bus 0 bus_irq 9 global_irq 9 low level)
[    0.000000] Using ACPI (MADT) for SMP configuration information
[    0.000000] smpboot: Allowing 1 CPUs, 0 hotplug CPUs
[    0.000000] PM: Registered nosave memory: [mem 0x00000000-0x00000fff]
[    0.000000] PM: Registered nosave memory: [mem 0x0009f000-0x0009ffff]
[    0.000000] PM: Registered nosave memory: [mem 0x000a0000-0x000effff]
[    0.000000] PM: Registered nosave memory: [mem 0x000f0000-0x000fffff]
[    0.000000] e820: [mem 0x20000000-0xfebfffff] available for PCI devices
[    0.000000] Booting paravirtualized kernel on KVM
[    0.000000] clocksource: refined-jiffies: mask: 0xffffffff max_cycles: 0xffffffff, max_idle_ns: 7645519600211568 ns
[    0.000000] random: get_random_bytes called from start_kernel+0x99/0x4fd with crng_init=0
[    0.000000] setup_percpu: NR_CPUS:8192 nr_cpumask_bits:1 nr_cpu_ids:1 nr_node_ids:1
[    0.000000] percpu: Embedded 46 pages/cpu s151552 r8192 d28672 u2097152
[    0.000000] PV qspinlock hash table entries: 256 (order: 0, 4096 bytes)
[    0.000000] Built 1 zonelists, mobility grouping on.  Total pages: 128889
[    0.000000] Policy zone: DMA32
[    0.000000] Kernel command line: BOOT_IMAGE=/boot/vmlinuz-4.15.0-62-generic root=LABEL=cloudimg-rootfs ro console=tty1 console=ttyS0
[    0.000000] Memory: 467528K/523832K available (12300K kernel code, 2481K rwdata, 4172K rodata, 2436K init, 2384K bss, 56304K reserved, 0K cma-reserved)
[    0.000000] SLUB: HWalign=64, Order=0-3, MinObjects=0, CPUs=1, Nodes=1
[    0.000000] Kernel/User page tables isolation: enabled
[    0.000000] ftrace: allocating 39306 entries in 154 pages
[    0.004000] Hierarchical RCU implementation.
[    0.004000] 	RCU restricting CPUs from NR_CPUS=8192 to nr_cpu_ids=1.
[    0.004000] 	Tasks RCU enabled.
[    0.004000] RCU: Adjusting geometry for rcu_fanout_leaf=16, nr_cpu_ids=1
[    0.004000] NR_IRQS: 524544, nr_irqs: 256, preallocated irqs: 16
[    0.004000] Console: colour VGA+ 80x25
[    0.004000] console [tty1] enabled
[    0.004000] console [ttyS0] enabled
[    0.004000] ACPI: Core revision 20170831
[    0.004000] ACPI: 2 ACPI AML tables successfully acquired and loaded
[    0.004000] APIC: Switch to symmetric I/O mode setup
[    0.004000] x2apic enabled
[    0.004000] Switched APIC routing to physical x2apic.
[    0.004000] ..TIMER: vector=0x30 apic1=0 pin1=2 apic2=-1 pin2=-1
[    0.004005] tsc: Detected 2899.998 MHz processor
[    0.004965] Calibrating delay loop (skipped) preset value.. 5799.99 BogoMIPS (lpj=11599992)
[    0.008002] pid_max: default: 32768 minimum: 301
[    0.008999] Security Framework initialized
[    0.009966] Yama: becoming mindful.
[    0.010742] AppArmor: AppArmor initialized
[    0.012081] Dentry cache hash table entries: 65536 (order: 7, 524288 bytes)
[    0.013514] Inode-cache hash table entries: 32768 (order: 6, 262144 bytes)
[    0.014965] Mount-cache hash table entries: 1024 (order: 1, 8192 bytes)
[    0.016016] Mountpoint-cache hash table entries: 1024 (order: 1, 8192 bytes)
[    0.017977] process: using mwait in idle threads
[    0.020008] Last level iTLB entries: 4KB 64, 2MB 8, 4MB 8
[    0.021117] Last level dTLB entries: 4KB 64, 2MB 0, 4MB 0, 1GB 4
[    0.022345] Spectre V1 : Mitigation: usercopy/swapgs barriers and __user pointer sanitization
[    0.024003] Spectre V2 : Mitigation: Full generic retpoline
[    0.025162] Spectre V2 : Spectre v2 / SpectreRSB mitigation: Filling RSB on context switch
[    0.026870] Speculative Store Bypass: Vulnerable
[    0.028040] MDS: Mitigation: Clear CPU buffers
[    0.041431] Freeing SMP alternatives memory: 36K
[    0.048000] smpboot: CPU0: Intel(R) Core(TM) i5-5287U CPU @ 2.90GHz (family: 0x6, model: 0x3d, stepping: 0x4)
[    0.048000] Performance Events: unsupported p6 CPU model 61 no PMU driver, software events only.
[    0.048060] Hierarchical SRCU implementation.
[    0.049925] NMI watchdog: Perf event create on CPU 0 failed with -2
[    0.052004] NMI watchdog: Perf NMI watchdog permanently disabled
[    0.053946] smp: Bringing up secondary CPUs ...
[    0.056008] smp: Brought up 1 node, 1 CPU
[    0.057500] smpboot: Max logical packages: 1
[    0.058889] smpboot: Total of 1 processors activated (5799.99 BogoMIPS)
[    0.060188] devtmpfs: initialized
[    0.064094] x86/mm: Memory block size: 128MB
[    0.065733] evm: security.selinux
[    0.068013] evm: security.SMACK64
[    0.069365] evm: security.SMACK64EXEC
[    0.070877] evm: security.SMACK64TRANSMUTE
[    0.072008] evm: security.SMACK64MMAP
[    0.073398] evm: security.apparmor
[    0.076005] evm: security.ima
[    0.077266] evm: security.capability
[    0.079101] clocksource: jiffies: mask: 0xffffffff max_cycles: 0xffffffff, max_idle_ns: 7645041785100000 ns
[    0.080021] futex hash table entries: 256 (order: 2, 16384 bytes)
[    0.084172] pinctrl core: initialized pinctrl subsystem
[    0.086503] RTC time: 15:38:40, date: 10/08/19
[    0.088182] NET: Registered protocol family 16
[    0.090213] audit: initializing netlink subsys (disabled)
[    0.092280] cpuidle: using governor ladder
[    0.096017] audit: type=2000 audit(1570549125.837:1): state=initialized audit_enabled=0 res=1
[    0.099558] cpuidle: using governor menu
[    0.100086] ACPI: bus type PCI registered
[    0.101770] acpiphp: ACPI Hot Plug PCI Controller Driver version: 0.5
[    0.104183] PCI: Using configuration type 1 for base access
[    0.109557] HugeTLB registered 2.00 MiB page size, pre-allocated 0 pages
[    0.112280] ACPI: Added _OSI(Module Device)
[    0.114173] ACPI: Added _OSI(Processor Device)
[    0.116015] ACPI: Added _OSI(3.0 _SCP Extensions)
[    0.120011] ACPI: Added _OSI(Processor Aggregator Device)
[    0.122954] ACPI: Added _OSI(Linux-Dell-Video)
[    0.124037] ACPI: Added _OSI(Linux-Lenovo-NV-HDMI-Audio)
[    0.128012] ACPI: Added _OSI(Linux-HPI-Hybrid-Graphics)
[    0.132095] ACPI: Executed 1 blocks of module-level executable AML code
[    0.143697] ACPI: Interpreter enabled
[    0.144037] ACPI: (supports S0 S5)
[    0.148015] ACPI: Using IOAPIC for interrupt routing
[    0.152391] PCI: Using host bridge windows from ACPI; if necessary, use "pci=nocrs" and report a bug
[    0.156373] ACPI: Enabled 2 GPEs in block 00 to 07
[    0.169078] ACPI: PCI Root Bridge [PCI0] (domain 0000 [bus 00-ff])
[    0.172020] acpi PNP0A03:00: _OSC: OS supports [ASPM ClockPM Segments MSI]
[    0.174281] acpi PNP0A03:00: _OSC: not requesting OS control; OS requires [ExtendedConfig ASPM ClockPM MSI]
[    0.176030] acpi PNP0A03:00: fail to add MMCONFIG information, can't access extended PCI configuration space under this bridge.
[    0.180705] PCI host bridge to bus 0000:00
[    0.184006] pci_bus 0000:00: root bus resource [io  0x0000-0x0cf7 window]
[    0.185447] pci_bus 0000:00: root bus resource [io  0x0d00-0xffff window]
[    0.186980] pci_bus 0000:00: root bus resource [mem 0x000a0000-0x000bffff window]
[    0.188005] pci_bus 0000:00: root bus resource [mem 0x20000000-0xfdffffff window]
[    0.189563] pci_bus 0000:00: root bus resource [bus 00-ff]
[    0.194744] pci 0000:00:01.1: legacy IDE quirk: reg 0x10: [io  0x01f0-0x01f7]
[    0.196000] pci 0000:00:01.1: legacy IDE quirk: reg 0x14: [io  0x03f6]
[    0.196004] pci 0000:00:01.1: legacy IDE quirk: reg 0x18: [io  0x0170-0x0177]
[    0.197563] pci 0000:00:01.1: legacy IDE quirk: reg 0x1c: [io  0x0376]
[    0.216357] pci 0000:00:07.0: quirk: [io  0x4000-0x403f] claimed by PIIX4 ACPI
[    0.217942] pci 0000:00:07.0: quirk: [io  0x4100-0x410f] claimed by PIIX4 SMB
[    0.228035] ACPI: PCI Interrupt Link [LNKA] (IRQs 5 9 10 *11)
[    0.229616] ACPI: PCI Interrupt Link [LNKB] (IRQs 5 9 *10 11)
[    0.230937] ACPI: PCI Interrupt Link [LNKC] (IRQs 5 *9 10 11)
[    0.232109] ACPI: PCI Interrupt Link [LNKD] (IRQs 5 9 10 *11)
[    0.233700] SCSI subsystem initialized
[    0.234640] pci 0000:00:02.0: vgaarb: setting as boot VGA device
[    0.235892] pci 0000:00:02.0: vgaarb: VGA device added: decodes=io+mem,owns=io+mem,locks=none
[    0.236005] pci 0000:00:02.0: vgaarb: bridge control possible
[    0.237212] vgaarb: loaded
[    0.240032] ACPI: bus type USB registered
[    0.240948] usbcore: registered new interface driver usbfs
[    0.242083] usbcore: registered new interface driver hub
[    0.244039] usbcore: registered new device driver usb
[    0.245200] EDAC MC: Ver: 3.0.0
[    0.246348] PCI: Using ACPI for IRQ routing
[    0.248347] NetLabel: Initializing
[    0.249131] NetLabel:  domain hash size = 128
[    0.252000] NetLabel:  protocols = UNLABELED CIPSOv4 CALIPSO
[    0.252038] NetLabel:  unlabeled traffic allowed by default
[    0.253410] clocksource: Switched to clocksource kvm-clock
[    0.268941] VFS: Disk quotas dquot_6.6.0
[    0.270056] VFS: Dquot-cache hash table entries: 512 (order 0, 4096 bytes)
[    0.271778] AppArmor: AppArmor Filesystem Enabled
[    0.275757] pnp: PnP ACPI init
[    0.278328] pnp: PnP ACPI: found 3 devices
[    0.287097] clocksource: acpi_pm: mask: 0xffffff max_cycles: 0xffffff, max_idle_ns: 2085701024 ns
[    0.289599] NET: Registered protocol family 2
[    0.291027] TCP established hash table entries: 4096 (order: 3, 32768 bytes)
[    0.293237] TCP bind hash table entries: 4096 (order: 4, 65536 bytes)
[    0.294675] TCP: Hash tables configured (established 4096 bind 4096)
[    0.296066] UDP hash table entries: 256 (order: 1, 8192 bytes)
[    0.298332] UDP-Lite hash table entries: 256 (order: 1, 8192 bytes)
[    0.302246] NET: Registered protocol family 1
[    0.303375] pci 0000:00:00.0: Limiting direct PCI/PCI transfers
[    0.306066] pci 0000:00:01.0: Activating ISA DMA hang workarounds
[    0.307362] pci 0000:00:02.0: Video device with shadowed ROM at [mem 0x000c0000-0x000dffff]
[    0.309335] Unpacking initramfs...
[    0.590647] Freeing initrd memory: 19144K
[    0.591695] clocksource: tsc: mask: 0xffffffffffffffff max_cycles: 0x29cd4133323, max_idle_ns: 440795296220 ns
[    0.594514] platform rtc_cmos: registered platform RTC device (no PNP device found)
[    0.597767] Scanning for low memory corruption every 60 seconds
[    0.600009] Initialise system trusted keyrings
[    0.601501] Key type blacklist registered
[    0.602792] workingset: timestamp_bits=36 max_order=17 bucket_order=0
[    0.606007] zbud: loaded
[    0.607329] squashfs: version 4.0 (2009/01/31) Phillip Lougher
[    0.608964] fuse init (API version 7.26)
[    0.610752] Key type asymmetric registered
[    0.611690] Asymmetric key parser 'x509' registered
[    0.612799] Block layer SCSI generic (bsg) driver version 0.4 loaded (major 246)
[    0.614415] io scheduler noop registered
[    0.615249] io scheduler deadline registered
[    0.616180] io scheduler cfq registered (default)
[    0.617713] ACPI: AC Adapter [AC] (on-line)
[    0.618670] input: Power Button as /devices/LNXSYSTM:00/LNXPWRBN:00/input/input0
[    0.620626] ACPI: Power Button [PWRF]
[    0.621613] input: Sleep Button as /devices/LNXSYSTM:00/LNXSLPBN:00/input/input1
[    0.623148] ACPI: Sleep Button [SLPF]
[    0.625266] ACPI: Battery Slot [BAT0] (battery present)
[    0.626504] Serial: 8250/16550 driver, 32 ports, IRQ sharing enabled
[    0.650781] 00:02: ttyS0at I/O 0x3f8 (irq = 4, base_baud = 115200) is a 16550A
    0.653737] Linux agpgart interface v0.103
[    0.655542] loop: module loaded
[    0.656747] scsi host0: ata_piix
[    0.657503] scsi host1: ata_piix
[    0.658274] ata1: PATA max UDMA/33 cmd 0x1f0 ctl 0x3f6 bmdma 0xd000 irq 14
[    0.659738] ata2: PATA max UDMA/33 cmd 0x170 ctl 0x376 bmdma 0xd008 irq 15
[    0.661606] libphy: Fixed MDIO Bus: probed
[    0.662523] tun: Universal TUN/TAP device driver, 1.6
[    0.663993] PPP generic driver version 2.4.2
[    0.665037] ehci_hcd: USB 2.0 'Enhanced' Host Controller (EHCI) Driver
[    0.666532] ehci-pci: EHCI PCI platform driver
[    0.667487] ehci-platform: EHCI generic platform driver
[    0.668636] ohci_hcd: USB 1.1 'Open' Host Controller (OHCI) Driver
[    0.670459] ohci-pci: OHCI PCI platform driver
[    0.671475] ohci-platform: OHCI generic platform driver
[    0.672771] uhci_hcd: USB Universal Host Controller Interface driver
[    0.674119] i8042: PNP: PS/2 Controller [PNP0303:PS2K,PNP0f03:PS2M] at 0x60,0x64 irq 1,12
[    0.676935] serio: i8042 KBD port at 0x60,0x64 irq 1
[    0.678433] serio: i8042 AUX port at 0x60,0x64 irq 12
[    0.679763] mousedev: PS/2 mouse device common for all mice
[    0.681213] input: AT Translated Set 2 keyboard as /devices/platform/i8042/serio0/input/input2
[    0.683603] rtc_cmos rtc_cmos: rtc core: registered rtc_cmos as rtc0
[    0.685048] rtc_cmos rtc_cmos: alarms up to one day, 114 bytes nvram
[    0.686418] i2c /dev entries driver
[    0.687252] device-mapper: uevent: version 1.0.3
[    0.688407] device-mapper: ioctl: 4.37.0-ioctl (2017-09-20) initialised: dm-devel@redhat.com
[    0.690283] ledtrig-cpu: registered to indicate activity on CPUs
[    0.691814] NET: Registered protocol family 10
[    0.695340] Segment Routing with IPv6
[    0.696195] NET: Registered protocol family 17
[    0.697224] Key type dns_resolver registered
[    0.698251] mce: Using 0 MCE banks
[    0.699080] RAS: Correctable Errors collector initialized.
[    0.700547] sched_clock: Marking stable (700506602, 0)->(1036156890, -335650288)
[    0.702537] registered taskstats version 1
[    0.703782] Loading compiled-in X.509 certificates
[    0.707083] Loaded X.509 cert 'Build time autogenerated kernel key: ff1b14b29a8b0fad041e56b58c2af39eda0766ce'
[    0.709258] zswap: loaded using pool lzo/zbud
[    0.712650] Key type big_key registered
[    0.713535] Key type trusted registered
[    0.715553] Key type encrypted registered
[    0.716499] AppArmor: AppArmor sha1 policy hashing enabled
[    0.717675] ima: No TPM chip found, activating TPM-bypass! (rc=-19)
[    0.719004] ima: Allocated hash algorithm: sha1
[    0.720054] evm: HMAC attrs: 0x1
[    0.721220]   Magic number: 7:796:638
[    0.722414] rtc_cmos rtc_cmos: setting system clock to 2019-10-08 15:38:41 UTC (1570549121)
[    0.724194] BIOS EDD facility v0.16 2004-Jun-25, 0 devices found
[    0.725479] EDD information not available.
[    0.822928] Freeing unused kernel image memory: 2436K
[    0.832654] Write protecting the kernel read-only data: 20480k
[    0.834587] Freeing unused kernel image memory: 2008K
[    0.836148] Freeing unused kernel image memory: 1972K
[    0.843220] x86/mm: Checked W+X mappings: passed, no W+X pages found.
[    0.844922] x86/mm: Checking user space page tables
[    0.851389] x86/mm: Checked W+X mappings: passed, no W+X pages found.
Loading, please wait...
starting version 237
[    0.941428] e1000: Intel(R) PRO/1000 Network Driver - version 7.3.21-k8-NAPI
[    0.942944] e1000: Copyright (c) 1999-2006 Intel Corporation.
[    0.948721] Fusion MPT base driver 3.04.20
[    0.949975] Copyright (c) 1999-2008 LSI Corporation
[    0.972981] Fusion MPT SPI Host driver 3.04.20
[    0.982908] AVX2 version of gcm_enc/dec engaged.
[    0.984122] AES CTR mode by8 optimization enabled
[    1.159786] input: ImExPS/2 Generic Explorer Mouse as /devices/platform/i8042/serio1/input/input4
[    1.426269] e1000 0000:00:03.0 eth0: (PCI:33MHz:32-bit) 02:b7:5c:02:92:a2
[    1.430863] e1000 0000:00:03.0 eth0: Intel(R) PRO/1000 Network Connection
[    1.436884] mptbase: ioc0: Initiating bringup
[    1.536512] ioc0: LSI53C1030 A0: Capabilities={Initiator}
[    1.780691] scsi host2: ioc0: LSI53C1030 A0, FwRev=00000000h, Ports=1, MaxQ=256, IRQ=20
[    1.952544] scsi 2:0:0:0: Direct-Access     VBOX     HARDDISK         1.0  PQ: 0 ANSI: 5
[    1.959535] scsi target2:0:0: Beginning Domain Validation
[    1.962644] random: fast init done
[    1.964171] scsi target2:0:0: Domain Validation skipping write tests
[    1.966387] scsi target2:0:0: Ending Domain Validation
[    1.968293] scsi target2:0:0: asynchronous
[    1.971121] scsi 2:0:1:0: Direct-Access     VBOX     HARDDISK         1.0  PQ: 0 ANSI: 5
[    1.974084] scsi target2:0:1: Beginning Domain Validation
[    1.976369] scsi target2:0:1: Domain Validation skipping write tests
[    1.977736] scsi target2:0:1: Ending Domain Validation
[    1.978910] scsi target2:0:1: asynchronous
[    1.984296] random: systemd-udevd: uninitialized urandom read (16 bytes read)
[    1.985895] random: systemd-udevd: uninitialized urandom read (16 bytes read)
[    1.987347] random: systemd-udevd: uninitialized urandom read (16 bytes read)
[    1.989064] sd 2:0:0:0: Attached scsi generic sg0 type 0
[    1.990950] sd 2:0:0:0: [sda] 20971520 512-byte logical blocks: (10.7 GB/10.0 GiB)
[    1.998106] sd 2:0:0:0: [sda] Write Protect is off
[    2.000246] sd 2:0:1:0: Attached scsi generic sg1 type 0
[    2.002724] sd 2:0:1:0: [sdb] 20480 512-byte logical blocks: (10.5 MB/10.0 MiB)
[    2.004268] sd 2:0:0:0: [sda] Incomplete mode parameter data
[    2.005655] sd 2:0:0:0: [sda] Assuming drive cache: write through
[    2.006945] sd 2:0:1:0: [sdb] Write Protect is off
[    2.008316] sd 2:0:1:0: [sdb] Incomplete mode parameter data
[    2.009725] sd 2:0:1:0: [sdb] Assuming drive cache: write through
[    2.019858]  sda: sda1
[    2.026501] sd 2:0:0:0: [sda] Attached SCSI disk
[    2.034208] sd 2:0:1:0: [sdb] Attached SCSI disk
[    2.471204] e1000 0000:00:08.0 eth1: (PCI:33MHz:32-bit) 08:00:27:53:d6:f4
[    2.473073] e1000 0000:00:08.0 eth1: Intel(R) PRO/1000 Network Connection
[    2.475491] e1000 0000:00:08.0 enp0s8: renamed from eth1
[    2.478701] e1000 0000:00:03.0 enp0s3: renamed from eth0
Begin: Loading essential drivers ... [    3.929226] raid6: sse2x1   gen() 10663 MB/s
[    3.978732] raid6: sse2x1   xor()  7993 MB/s
[    4.032456] raid6: sse2x2   gen() 11760 MB/s
[    4.080133] raid6: sse2x2   xor()  7092 MB/s
[    4.129181] raid6: sse2x4   gen() 12938 MB/s
[    4.176052] raid6: sse2x4   xor()  7435 MB/s
[    4.224249] raid6: avx2x1   gen() 19867 MB/s
[    4.273799] raid6: avx2x1   xor() 13698 MB/s
[    4.321275] raid6: avx2x2   gen() 23510 MB/s
[    4.368046] raid6: avx2x2   xor() 13681 MB/s
[    4.416103] raid6: avx2x4   gen() 26932 MB/s
[    4.464514] raid6: avx2x4   xor() 13805 MB/s
[    4.465515] raid6: using algorithm avx2x4 gen() 26932 MB/s
[    4.469158] raid6: .... xor() 13805 MB/s, rmw enabled
[    4.470472] raid6: using avx2x2 recovery algorithm
[    4.473272] xor: automatically using best checksumming function   avx       
[    4.478127] async_tx: api initialized (async)
done.
Begin: Running /scripts/init-premount ... done.
Begin: Mounting root file system ... Begin: Running /scripts/local-top ... done.
Begin: Running /scripts/local-premount ... [    4.534595] Btrfs loaded, crc32c=crc32c-intel
Scanning for Btrfs filesystems
done.
Warning: fsck not present, so skipping root file system
[    4.566239] EXT4-fs (sda1): mounted filesystem with ordered data mode. Opts: (null)
done.
Begin: Running /scripts/local-bottom ... done.
Begin: Running /scripts/init-bottom ... done.
[    4.815098] ip_tables: (C) 2000-2006 Netfilter Core Team
[    4.829818] systemd[1]: systemd 237 running in system mode. (+PAM +AUDIT +SELINUX +IMA +APPARMOR +SMACK +SYSVINIT +UTMP +LIBCRYPTSETUP +GCRYPT +GNUTLS +ACL +XZ +LZ4 +SECCOMP +BLKID +ELFUTILS +KMOD -IDN2 +IDN -PCRE2 default-hierarchy=hybrid)
[    4.837848] systemd[1]: Detected virtualization oracle.
[    4.839323] systemd[1]: Detected architecture x86-64.

Welcome to [1mUbuntu 18.04.3 LTS[0m!

[    4.845113] systemd[1]: Set hostname to <ubuntu>.
[    4.850168] systemd[1]: Initializing machine ID from random generator.
[    4.853361] systemd[1]: Installed transient /etc/machine-id file.
[    5.123842] systemd[1]: Set up automount Arbitrary Executable File Formats File System Automount Point.
[[0;32m  OK  [0m] Set up automount Arbitrary Executabâ€¦rmats File System Automount Point.
[    5.128643] systemd[1]: Started Forward Password Requests to Wall Directory Watch.
[[0;32m  OK  [0m] Started Forward Password Requests to Wall Directory Watch.
[    5.132359] systemd[1]: Created slice User and Session Slice.
[[0;32m  OK  [0m] Created slice User and Session Slice.
[    5.134359] systemd[1]: Reached target System Time Synchronized.
[[0;32m  OK  [0m] Reached target System Time Synchronized.
[[0;32m  OK  [0m] Created slice System Slice.
[[0;32m  OK  [0m] Listening on Journal Audit Socket.
[[0;32m  OK  [0m] Listening on Journal Socket.
[[0;32m  OK  [0m] Created slice system-serial\x2dgetty.slice.
[[0;32m  OK  [0m] Listening on LVM2 poll daemon socket.
[[0;32m  OK  [0m] Listening on udev Control Socket.
         Mounting Huge Pages File System...
[[0;32m  OK  [0m] Listening on udev Kernel Socket.
         Starting Set the console keyboard layout...
[[0;32m  OK  [0m] Listening on Journal Socket (/dev/log).
         Starting Remount Root and Kernel File Systems...
         Mounting Kernel Debug File System...
         Starting Create list of required stâ€¦ce nodes for the current kernel...
         Mounting POSIX Message Queue File System...
[[0;32m  OK  [0m] Listening on Syslog Socket.
[[0;32m  OK  [0m] Listening on Network Service Netlink Socket.
[[0;32m  OK  [0m] Listening on /dev/initctl Compatibility Named Pipe.
[[0;32m  OK  [0m] Reached target Swap.
[[0;32m  OK  [0m] Reached target Slices.
         Starting Journal Service...
[    5.204099] EXT4-fs (sda1): re-mounted. Opts: (null)
         Starting Load Kernel Modules...
[[0;32m  OK  [0m] Reached target User and Group Name Lookups.
         Starting Uncomplicated firewall...
[    5.240297] Loading iSCSI transport class v2.0-870.
[[0;32m  OK  [0m] Listening on LVM2 metadata daemon socket.
         Starting udev Coldplug all Devices...
[    5.266863] iscsi: registered transport (tcp)
[[0;32m  OK  [0m] Listening on Device-mapper event daemon FIFOs.
         Starting Monitoring of LVM2 mirrorsâ€¦ng dmeventd or progress polling...
[[0;32m  OK  [0m] Mounted Huge Pages File System.
[[0;32m  OK  [0m] Started Remount Root and Kernel File Systems.
[[0;32m  OK  [0m] Mounted Kernel Debug File System.
[[0;32m  OK  [0m] Started Create list of required staâ€¦vice nodes for the current kernel.
[[0;32m  OK  [0m] Mounted POSIX Message Queue File System.
[[0;32m  OK  [0m] Started Uncomplicated firewall.
         Starting Create Static Device Nodes in /dev...
         Starting Load/Save Random Seed...
[[0;32m  OK  [0m] Started Journal Service.
[[0;32m  OK  [0m] Started Create Static Device Nodes in /dev.
[[0;32m  OK  [0m] Started Load/Save Random Seed.
[[0;32m  OK  [0m] Started LVM2 metadata daemon.
         Starting udev Kernel Device Manager...
         Starting Flush Journal to Persistent Storage...
[    5.403856] systemd-journald[384]: Received request to flush runtime journal from PID 1
[[0;32m  OK  [0m] Started udev Kernel Device Manager.
[[0;32m  OK  [0m] Started Set the console keyboard layout.
[    5.491446] iscsi: registered transport (iser)
[[0;32m  OK  [0m] Started Load Kernel Modules.
[[0;32m  OK  [0m] Started Monitoring of LVM2 mirrors,â€¦sing dmeventd or progress polling.
[[0;32m  OK  [0m] Started Flush Journal to Persistent Storage.
         Mounting FUSE Control File System...
         Mounting Kernel Configuration File System...
         Starting Apply Kernel Variables...
[[0;32m  OK  [0m] Reached target Local File Systems (Pre).
[[0;32m  OK  [0m] Reached target Local File Systems.
         Starting Set console font and keymap...
         Starting Tell Plymouth To Write Out Runtime Data...
         Starting Commit a transient machine-id on disk...
         Starting ebtables ruleset management...
         Starting AppArmor initialization...
         Starting Create Volatile Files and Directories...
[[0;32m  OK  [0m] Started udev Coldplug all Devices.
[[0;32m  OK  [0m] Mounted FUSE Control File System.
[[0;32m  OK  [0m] Mounted Kernel Configuration File System.
[[0;32m  OK  [0m] Started Set console font and keymap.
[[0;32m  OK  [0m] Started Dispatch Password Requests to Console Directory Watch.
[[0;32m  OK  [0m] Reached target Local Encrypted Volumes.
[[0;32m  OK  [0m] Started Tell Plymouth To Write Out Runtime Data.
[[0;32m  OK  [0m] Started Apply Kernel Variables.
[[0;32m  OK  [0m] Started Commit a transient machine-id on disk.
[[0;32m  OK  [0m] Started Create Volatile Files and Directories.
         Starting Update UTMP about System Boot/Shutdown...
[[0;32m  OK  [0m] Started Update UTMP about System Boot/Shutdown.
[[0;32m  OK  [0m] Started ebtables ruleset management.
[[0;32m  OK  [0m] Found device /dev/ttyS0.
[[0;32m  OK  [0m] Listening on Load/Save RF Kill Switch Status /dev/rfkill Watch.
[[0;32m  OK  [0m] Started AppArmor initialization.
         Starting Initial cloud-init job (pre-networking)...
[    8.897939] cloud-init[529]: Cloud-init v. 19.2-24-ge7881d5c-0ubuntu1~18.04.1 running 'init-local' at Tue, 08 Oct 2019 15:38:49 +0000. Up 8.53 seconds.
[[0;32m  OK  [0m] Started Initial cloud-init job (pre-networking).
[[0;32m  OK  [0m] Reached target Network (Pre).
         Starting Network Service...
[[0;32m  OK  [0m] Started Network Service.
         Starting Wait for Network to be Configured...
         Starting Network Name Resolution...
[[0;32m  OK  [0m] Started Network Name Resolution.
[[0;32m  OK  [0m] Reached target Network.
[[0;32m  OK  [0m] Reached target Host and Network Name Lookups.
[[0;32m  OK  [0m] Started Wait for Network to be Configured.
         Starting Initial cloud-init job (metadata service crawler)...
[   11.790751] cloud-init[620]: Cloud-init v. 19.2-24-ge7881d5c-0ubuntu1~18.04.1 running 'init' at Tue, 08 Oct 2019 15:38:52 +0000. Up 11.39 seconds.
[   11.809270] cloud-init[620]: ci-info: ++++++++++++++++++++++++++++++++++++++Net device info+++++++++++++++++++++++++++++++++++++++
[   11.814879] cloud-init[620]: ci-info: +--------+-------+----------------------------+---------------+--------+-------------------+
[   11.820985] cloud-init[620]: ci-info: | Device |   Up  |          Address           |      Mask     | Scope  |     Hw-Address    |
[   11.829499] cloud-init[620]: ci-info: +--------+-------+----------------------------+---------------+--------+-------------------+
[   11.836579] cloud-init[620]: ci-info: | enp0s3 |  True |         10.0.2.15          | 255.255.255.0 | global | 02:b7:5c:02:92:a2 |
[   11.846603] cloud-init[620]: ci-info: | enp0s3 |  True | fe80::b7:5cff:fe02:92a2/64 |       .       |  link  | 02:b7:5c:02:92:a2 |
[   11.855233] cloud-init[620]: ci-info: | enp0s8 | False |             .              |       .       |   .    | 08:00:27:53:d6:f4 |
[   11.864260] cloud-init[620]: ci-info: |   lo   |  True |         127.0.0.1          |   255.0.0.0   |  host  |         .         |
[   11.882626] cloud-init[620]: ci-info: |   lo   |  True |          ::1/128           |       .       |  host  |         .         |
[   11.890140] cloud-init[620]: ci-info: +--------+-------+----------------------------+---------------+--------+-------------------+
[   11.912538] cloud-init[620]: ci-info: ++++++++++++++++++++++++++++Route IPv4 info+++++++++++++++++++++++++++++
[   11.919236] cloud-init[620]: ci-info: +-------+-------------+----------+-----------------+-----------+-------+
[   11.928456] cloud-init[620]: ci-info: | Route | Destination | Gateway  |     Genmask     | Interface | Flags |
[   11.936624] cloud-init[620]: ci-info: +-------+-------------+----------+-----------------+-----------+-------+
[   11.948461] cloud-init[620]: ci-info: |   0   |   0.0.0.0   | 10.0.2.2 |     0.0.0.0     |   enp0s3  |   UG  |
[   11.960608] cloud-init[620]: ci-info: |   1   |   10.0.2.0  | 0.0.0.0  |  255.255.255.0  |   enp0s3  |   U   |
[   11.962797] cloud-init[620]: ci-info: |   2   |   10.0.2.2  | 0.0.0.0  | 255.255.255.255 |   enp0s3  |   UH  |
[   11.965019] cloud-init[620]: ci-info: +-------+-------------+----------+-----------------+-----------+-------+
[   11.967218] cloud-init[620]: ci-info: +++++++++++++++++++Route IPv6 info+++++++++++++++++++
[   11.969378] cloud-init[620]: ci-info: +-------+-------------+---------+-----------+-------+
[   11.972523] cloud-init[620]: ci-info: | Route | Destination | Gateway | Interface | Flags |
[   11.976552] cloud-init[620]: ci-info: +-------+-------------+---------+-----------+-------+
[   11.979576] cloud-init[620]: ci-info: |   1   |  fe80::/64  |    ::   |   enp0s3  |   U   |
[   11.985136] cloud-init[620]: ci-info: |   3   |    local    |    ::   |   enp0s3  |   U   |
[   11.987928] cloud-init[620]: ci-info: |   4   |   ff00::/8  |    ::   |   enp0s3  |   U   |
[   12.001833] cloud-init[620]: ci-info: +-------+-------------+---------+-----------+-------+
[   12.705208] cloud-init[620]: Generating public/private rsa key pair.
[   12.712816] cloud-init[620]: Your identification has been saved in /etc/ssh/ssh_host_rsa_key.
[   12.724757] cloud-init[620]: Your public key has been saved in /etc/ssh/ssh_host_rsa_key.pub.
[   12.738005] cloud-init[620]: The key fingerprint is:
[   12.746703] cloud-init[620]: SHA256:S2A8/zo+ZfPXwgghLIZtDo3fLuGYQOaThNFiitJLCWA root@ubuntu-bionic
[   12.764877] cloud-init[620]: The key's randomart image is:
[   12.776897] cloud-init[620]: +---[RSA 2048]----+
[   12.784619] cloud-init[620]: |oE               |
[   12.786629] cloud-init[620]: |=..  .           |
[   12.788173] cloud-init[620]: |+* . ==.         |
[   12.795697] cloud-init[620]: |= B +.*+o .      |
[   12.802124] cloud-init[620]: |.* o * oS. .     |
[   12.804646] cloud-init[620]: |  *   +..o=      |
[   12.808043] cloud-init[620]: |   o + o.o.+ o . |
[   12.812363] cloud-init[620]: |    o o +.  o + .|
[   12.814140] cloud-init[620]: |       ooo   . . |
[   12.820340] cloud-init[620]: +----[SHA256]-----+
[   12.832673] cloud-init[620]: Generating public/private dsa key pair.
[   12.857073] cloud-init[620]: Your identification has been saved in /etc/ssh/ssh_host_dsa_key.
[   12.865410] cloud-init[620]: Your public key has been saved in /etc/ssh/ssh_host_dsa_key.pub.
[   12.876997] cloud-init[620]: The key fingerprint is:
[   12.880699] cloud-init[620]: SHA256:Qu4B9UWrri79M4xqN99zxvuOi7ZolbIOnnUwTOBEXNM root@ubuntu-bionic
[   12.893976] cloud-init[620]: The key's randomart image is:
[   12.901314] cloud-init[620]: +---[DSA 1024]----+
[   12.913652] cloud-init[620]: |     o=.ooo      |
[   12.925381] cloud-init[620]: |     +.o oE.     |
[   12.936889] cloud-init[620]: |    . o o .      |
[   12.938436] cloud-init[620]: |     + o .       |
[   12.939851] cloud-init[620]: |      + S  .     |
[   12.944657] cloud-init[620]: |     . +.oo      |
[   12.956591] cloud-init[620]: |     .ooo+..     |
[[0;32m  OK  [0m] Started Initial cloud-init job (metadata service crawler).
[[0;32m  OK  [0m] Reached target Network is Online.
[   12.974018] cloud-init[620]: |    o.==*+o.+.   |
[[0;32m  OK  [0m] Reached target Remote File Systems (Pre).
[[0;32m  OK  [0m] Reached target Remote File Systems.
[   12.990496] cloud-init[620]: |   ..==*=++=+=o  |
[   12.998536]          Starting Availability of block devices...
[[0;32m  OK  [0mcloud-init] Reached target System Initialization.
[[0;32m  OK  [0m] Started Message of the Day.
[620]: +----[SHA256]-----+
         Starting LXD - unix socket.
[[0;32m  OK  [0m] Started Daily Cleanup of Temporary Directories.
         Starting Socket activation for snappy daemon.
[   13.020000] [[0;32m  OK  [0m] Started ACPI Events Check.
[[0;32m  OK  [0m] Reached target Paths.
[[0;32m  OK  [0m] Started Discard unused blocks once a week.
cloud-init[620]: Generating public/private ecdsa key pair.
[   13.066019] cloud-init[620]: Your identification has been saved in /etc/ssh/ssh_host_ecdsa_key.
[   13.069008] cloud-init[620]: Your public key has been saved in /etc/ssh/ssh_host_ecdsa_key.pub.
[   13.072062] [[0;32m  OK  [0m] Listening on D-Bus System Message Bus Socket.
[[0;32m  OK  [0m] cloud-init[620]: The key fingerprint is:
[   13.077960] cloud-init[620]: SHA256:MGk2aUSyCiaN+Co94pRyFPA8uiyVWcAedhU/e2PCROs root@ubuntu-bionic
Started Daily apt download activities.
[[0;32m  OK  [0m] Started Daily apt upgrade and clean activities.
[   13.084825] cloud-init[620]: The key's randomart image is:
[[0;32m  OK  [0m] Reached target Timers.
[   13.089726] cloud-init[620]: +---[ECDSA 256]---+
[[0;32m  OK  [0m[   13.093134] cloud-init[620]: |... .o=..        |
[   13.095614] ] Listening on ACPID Listen Socket.
[[0;32m  OK  [0m] Listening on UUID daemon activation socket.
[[0;32m  OK  [0m] Listening on Open-iSCSI iscsid Socket.
[[0;32m  OK  [0m] Reached target Cloud-config availability.cloud-init[620]: |.*+..+ = .       |
[   13.106059] cloud-init[620]: |=+*oo X =        |

[   13.109318] cloud-init[620]: |o+.B + B o       |
[[0;32m  OK  [0m] Started Availability of block devices.
[   13.114521] cloud-init[620]: |. B     E +      |
[   13.116447] cloud-init[620]: |.*.      + .     |
[[0;32m  OK  [0m] Listening on LXD - unix socket.[   13.120973] cloud-init[620]: |B++              |
[   13.122841] cloud-init[620]: |*o .             |
[[0;32m  OK  [0m] Listening on Socket activation for snappy daemon.
[[0;32m  OK  [0m] Reached target Sockets.
[[0;32m  OK  [0m] Reached target Basic System.

[   13.138170] cloud-init[620]: | .               |         Starting Login Service...

[   13.146838] cloud-init[620]: +----[SHA256]-----+[[0;32m  OK  [0m] Started Deferred execution scheduler.

         Starting Permit User Sessions...[   13.168823] cloud-init[620]: Generating public/private ed25519 key pair.

         Starting Pollinate to seed the pseudo random number generator...
         Starting LSB: Record successful boot for GRUB...
         Starting Accounts Service...
         [   13.178350] Starting System Logging Service...
cloud-init[620]: Your identification has been saved in /etc/ssh/ssh_host_ed25519_key.         Starting Virtualbox guest utils...
[[0;32m  OK  [0m] Started D-Bus System Message Bus.

[   13.271965] cloud-init[620]: Your public key has been saved in /etc/ssh/ssh_host_ed25519_key.pub.
[   13.307773] cloud-init[620]: The key fingerprint is:
[   13.324451] cloud-init[620]: SHA256:/FuteVfZcgM5jjXQbfmmkAajzmY0X8zqfrQ08Sbhuk8 root@ubuntu-bionic
[   13.343811] cloud-init[620]: The key's randomart image is:
[   13.350106] cloud-init[620]: +--[ED25519 256]--+
[   13.356287] cloud-init[620]: |            . . .|
[   13.358199] cloud-init[620]: |          o. . + |
[   13.361833] cloud-init[620]: |         . =..o .|
[   13.367542] cloud-init[620]: |       .+   X*  o|
[   13.416607] cloud-init[620]: |       +So =+=+oo|
[   13.423934] cloud-init[620]: |        =.o.*o=o+|
[   13.446151] cloud-init[620]: |       o ..+E=.oo|
[   13.463306] cloud-init[620]: |          o+oo. .|[[0;32m  OK  [0m] Started Login Service.
[[0;32m  OK  [0m] Started Unattended Upgrades Shutdown.

         Starting LSB: automatic crash report generation...
[   13.516285] cloud-init[620]: |         .+++. . |
[[0;32m  OK  [0m] Started irqbalance daemon.
[   13.526185] cloud-init[620]: +----[SHA256]-----+
[[0;32m  OK  [0m] Started FUSE filesystem for LXC.
[[0;32m  OK  [0m] Started Regular background program processing daemon.
         Starting Snappy daemon...
         Starting Dispatcher daemon for systemd-networkd...
         Starting LXD - container startup/shutdown...
[[0;32m  OK  [0m] Started System Logging Service.
[[0;32m  OK  [0m] Started Permit User Sessions.
         Starting Authorization Manager...
         Starting Terminate Plymouth Boot Screen...
         Starting Hold until boot process finishes up...
[[0;32m  OK  [0m] Started Hold until boot process finishes up.
         Starting Set console scheme...
[[0;32m  OK  [0m] Started Serial Getty on ttyS0.
[[0;32m  OK  [0m] Started Terminate Plymouth Boot Screen.
[[0;32m  OK  [0m] Started Set console scheme.
[[0;32m  OK  [0m] Created slice system-getty.slice.
[[0;32m  OK  [0m] Started Getty on tty1.
[[0;32m  OK  [0m] Reached target Login Prompts.
[[0;32m  OK  [0m] Started LSB: automatic crash report generation.
[[0;32m  OK  [0m] Started Authorization Manager.
[[0;32m  OK  [0m] Started Accounts Service.
[[0;32m  OK  [0m] Started LSB: Record successful boot for GRUB.
[[0;32m  OK  [0m] Started Virtualbox guest utils.
[[0;32m  OK  [0m] Started LXD - container startup/shutdown.
[[0;32m  OK  [0m] Started Snappy daemon.
         Starting Wait until snapd is fully seeded...
[[0;32m  OK  [0m] Started Dispatcher daemon for systemd-networkd.
[[0;32m  OK  [0m] Started Pollinate to seed the pseudo random number generator.
         Starting OpenBSD Secure Shell server...
[[0;32m  OK  [0m] Started OpenBSD Secure Shell server.
[[0;32m  OK  [0m] Created slice User Slice of vagrant.
         Starting User Manager for UID 1000...
[[0;32m  OK  [0m] Started Session 1 of user vagrant.
[[0;32m  OK  [0m] Started User Manager for UID 1000.
[[0;32m  OK  [0m] Started Wait until snapd is fully seeded.
         Starting Apply the settings specified in cloud-config...
[[0;32m  OK  [0m] Reached target Multi-User System.
[[0;32m  OK  [0m] Reached target Graphical Interface.
         Starting Update UTMP about System Runlevel Changes...
[[0;32m  OK  [0m] Started Update UTMP about System Runlevel Changes.

Ubuntu 18.04.3 LTS ubuntu-bionic ttyS0

ubuntu-bionic login: [   19.996965] cloud-init[1018]: Cloud-init v. 19.2-24-ge7881d5c-0ubuntu1~18.04.1 running 'modules:config' at Tue, 08 Oct 2019 15:38:59 +0000. Up 19.15 seconds.
ci-info: no authorized ssh keys fingerprints found for user ubuntu.
<14>Oct  8 15:39:02 ec2: 
<14>Oct  8 15:39:02 ec2: #############################################################
<14>Oct  8 15:39:02 ec2: -----BEGIN SSH HOST KEY FINGERPRINTS-----
<14>Oct  8 15:39:02 ec2: 1024 SHA256:Qu4B9UWrri79M4xqN99zxvuOi7ZolbIOnnUwTOBEXNM root@ubuntu-bionic (DSA)
<14>Oct  8 15:39:02 ec2: 256 SHA256:MGk2aUSyCiaN+Co94pRyFPA8uiyVWcAedhU/e2PCROs root@ubuntu-bionic (ECDSA)
<14>Oct  8 15:39:02 ec2: 256 SHA256:/FuteVfZcgM5jjXQbfmmkAajzmY0X8zqfrQ08Sbhuk8 root@ubuntu-bionic (ED25519)
<14>Oct  8 15:39:02 ec2: 2048 SHA256:S2A8/zo+ZfPXwgghLIZtDo3fLuGYQOaThNFiitJLCWA root@ubuntu-bionic (RSA)
<14>Oct  8 15:39:02 ec2: -----END SSH HOST KEY FINGERPRINTS-----
<14>Oct  8 15:39:02 ec2: #############################################################
-----BEGIN SSH HOST KEY KEYS-----
ecdsa-sha2-nistp256 AAAAE2VjZHNhLXNoYTItbmlzdHAyNTYAAAAIbmlzdHAyNTYAAABBBHev2SvFhQWyhi+tKN15sywPfucvyFsF9K4Xf64F/e/hdPFeveLau6rqkWxYJ3hq0DQ1n2u7gZamYqIYt9UUe+w= root@ubuntu-bionic
ssh-ed25519 AAAAC3NzaC1lZDI1NTE5AAAAIKEfT2yo5pM1fU5Rg0yaU2eX4V+Nd1rrXJOhVRSTTxn5 root@ubuntu-bionic
ssh-rsa AAAAB3NzaC1yc2EAAAADAQABAAABAQC5z9W+cAyIVa1DRHqlYt+H9WPmcGcdpnmGqntladXgeRR/JC0yaI9kx5N1JA4C9jXxHLhEmaaJZSA5oZZMnp2piearZd0dT8cT55D0Qgp6yIo4NfrHIr76gMU4oR+MwL9WSCl9eaZWaqZTf7GpQO2PB+vio2J2Vt+PCuuccIeN9YJL1qEwStXMRYEYNUo9O1NeYXG8Nofbrv3ANAkbobc8V2MEbuNT0zb3Hv/99VfSt5uIP4EzmIUZPSHRMlWXJG163jczZtO8OExfeN0w3ii+cH1Dz6QULVPcL6Eo3j4KSp1eFwOOirv/YXWbB5hnzj1cSjJW/XUoKDPMqhINK0NF root@ubuntu-bionic
-----END SSH HOST KEY KEYS-----
[   21.741190] cloud-init[1228]: Cloud-init v. 19.2-24-ge7881d5c-0ubuntu1~18.04.1 running 'modules:final' at Tue, 08 Oct 2019 15:39:02 +0000. Up 21.23 seconds.
[   21.743276] cloud-init[1228]: ci-info: no authorized ssh keys fingerprints found for user ubuntu.
[   21.772952] cloud-init[1228]: Cloud-init v. 19.2-24-ge7881d5c-0ubuntu1~18.04.1 finished at Tue, 08 Oct 2019 15:39:02 +0000. Datasource DataSourceNoCloud [seed=/dev/sdb][dsmode=net].  Up 21.72 seconds
